[1] "=== STARTED AT 2026-05-19 15:53:30 ==="
── Running 43 example files ──────────────────────────────────── GAMBLR.helpers ──

> library(GAMBLR.open)

> maf1 <- get_ssm_by_samples()

> coding_counts = calculate_tmb(maf1)

> dplyr::filter(coding_counts, Tumor_Sample_Barcode ==
+     "OCI-Ly10")
genomic_data Object
Genome Build:
Showing first 10 rows:
  Tumor_Sample_Barcode total total_perMB
1             OCI-Ly10   258  0.08417333

> all_counts = calculate_tmb(maf1, subset_to_nonSyn = FALSE)

> dplyr::filter(all_counts, Tumor_Sample_Barcode ==
+     "OCI-Ly10")
genomic_data Object
Genome Build:
Showing first 10 rows:
  Tumor_Sample_Barcode total total_perMB
1             OCI-Ly10 30051    9.804236

> check_config_and_value("resources$blacklist$template")
[1] "all_the_things/slms_3-1.0_vcf2maf-1.3/level_3/{seq_type}--{projection}_clean_blacklist.txt"

> maf1 <- get_coding_ssm(these_sample_ids = "DOHH-2")

> maf2 <- get_coding_ssm(these_sample_ids = "SU-DHL-4")

> overlap <- cool_overlaps(maf1, maf1, type = "equal")

> overlap <- cool_overlaps(maf1, maf1 %>% head)

> seg1 <- get_sample_cn_segments(these_sample_ids = "DOHH-2")

> overlap <- cool_overlaps(data1 = maf1, data2 = seg1,
+     columns2 = c("chrom", "start", "end"))

> library(GAMBLR.data)

> maf <- get_coding_ssm()

> onco_matrix <- create_onco_matrix(maf_df = maf)

> in_bed = get_manta_sv(projection = "hg38")

> coloured_bed = decorate_bed(in_bed, colour_mapping = get_gambl_colours("chromosome",
+     as_rgb_string = T))

> lymphgen_cols <- get_gambl_colours("lymphgen")

> input <- get_coding_ssm()

> no_annotations <- input %>% dplyr::filter(is.na(HGVSp_Short),
+     Hugo_Symbol == "RFX7")

> result <- infer_splice_region_annotation(maf_data = no_annotations)

> result %>% dplyr::select(Hugo_Symbol, Variant_Classification,
+     HGVSp_Short) %>% head %>% as.data.frame
  Hugo_Symbol Variant_Classification               HGVSp_Short
1        RFX7          Splice_Region     p.Splice_Donor+3@AA54
2        RFX7          Splice_Region p.Splice_Acceptor-11@AA54
3        RFX7          Splice_Region     p.Splice_Donor+3@AA65
4        RFX7          Splice_Region    p.Splice_Donor+5@AA271
5        RFX7          Splice_Region    p.Splice_Donor+3@AA271

> P <- c(0.1, 0.4, 0.3, 0.2)

> Q <- c(0.2, 0.3, 0.4, 0.1)

> kl_divergence(P, Q)
[1] 0.09808283

> library(dplyr)

> regions <- setNames(c("chr1:10000-15000", "chr1:100000000-100005000"),
+     c("one_region", "another_region"))

> process_regions(regions_list = regions)
$regions_list
         one_region      another_region
    "1:10000-15000" "1:1e+08-100005000"

$regions_bed
  chrom start       end           name           gene
1     1 1e+04     15000     one_region     one_region
2     1 1e+08 100005000 another_region another_region


> reg_bed = GAMBLR.data::grch37_ashm_regions %>% dplyr::filter(chr_name ==
+     "chr17") %>% mutate(name = region, chrom = chr_name, start = hg19_start,
+     end = hg19_end) %>% select(chrom, start, end, name)

> process_regions(regions_bed = reg_bed)
$regions_list
                      TSS                     TSS-1                     TSS-2                intergenic                  intron-1                  intron-2                  intron-3                    intron
  "chr17:3597616-3599572" "chr17:37928959-37940119" "chr17:38015776-38024832" "chr17:56407732-56410140" "chr17:75424734-75440956" "chr17:75443766-75451177" "chr17:75453203-75471471" "chr17:79478289-79479959"

$regions_bed
  chrom    start      end       name       gene
1 chr17  3597616  3599572        TSS        TSS
2 chr17 37928959 37940119      TSS-1      TSS-1
3 chr17 38015776 38024832      TSS-2      TSS-2
4 chr17 56407732 56410140 intergenic intergenic
5 chr17 75424734 75440956   intron-1   intron-1
6 chr17 75443766 75451177   intron-2   intron-2
7 chr17 75453203 75471471   intron-3   intron-3
8 chr17 79478289 79479959     intron     intron


> region_to_chunks(region = "chr1:100000-200000")
$chromosome
[1] "chr1"

$start
[1] "100000"

$end
[1] "200000"


> hot_ssms = review_hotspots(annotate_hotspots(get_coding_ssm(this_seq_type = "genome")),
+     genes_of_interest = c("CREBBP"))

> these_chrs = c(8, "13", "chr4", "chrY")

> standardize_chr_prefix(incoming_vector = these_chrs,
+     projection = "hg38")
[1] "chr8"  "chr13" "chr4"  "chrY"

> library(ggplot2)

> ggplot(mpg, aes(displ, hwy, colour = class)) + geom_point() +
+     theme_Morons()

> library(tibble)

> test_this <- GAMBLR.data::gencode_to_symbol %>% select(1) %>%
+     head(10) %>% mutate(test = "test")

> translate_ensg_ids(df = test_this %>% column_to_rownames("ensembl_gene_id"),
+     ids_in_rownames = TRUE)
         test
TSPAN6   test
TNMD     test
DPM1     test
SCYL3    test
C1orf112 test
FGR      test
CFH      test
FUCA2    test
GCLC     test
NFYA     test

> translate_ensg_ids(df = test_this)
# A tibble: 10 × 2
   hgnc_symbol test
   <chr>       <chr>
 1 TSPAN6      test
 2 TNMD        test
 3 DPM1        test
 4 SCYL3       test
 5 C1orf112    test
 6 FGR         test
 7 CFH         test
 8 FUCA2       test
 9 GCLC        test
10 NFYA        test

> translate_ensg_ids(df = test_this %>% select(test_col = ensembl_gene_id,
+     everything()), ensg_column_in = "test_col")
# A tibble: 10 × 2
   hgnc_symbol test
   <chr>       <chr>
 1 TSPAN6      test
 2 TNMD        test
 3 DPM1        test
 4 SCYL3       test
 5 C1orf112    test
 6 FGR         test
 7 CFH         test
 8 FUCA2       test
 9 GCLC        test
10 NFYA        test

> translate_ensg_ids(df = test_this %>% select(test_col = ensembl_gene_id,
+     everything()), ensg_column_in = "test_col", symbol_column_out = "this, Ha!")
# A tibble: 10 × 2
   `this, Ha!` test
   <chr>       <chr>
 1 TSPAN6      test
 2 TNMD        test
 3 DPM1        test
 4 SCYL3       test
 5 C1orf112    test
 6 FGR         test
 7 CFH         test
 8 FUCA2       test
 9 GCLC        test
10 NFYA        test

> trimmed = trim_scale_expression(c(2, 4, 6, 4, 4.5))

> trimmed
[1] 0.0000000 0.4848485 1.0000000 0.4848485 0.6363636
[1] "=== COMPLETED AT 2026-05-19 15:54:34 ==="
